
### 2026-09-08T00:13:08-05:00 dependencies
ok python3 Python 3.14.7
ok pandoc pandoc 3.5
ok pdfinfo pdfinfo version 26.01.0
ok pdftotext pdftotext version 26.01.0
ok python module numpy
ok python module pandas
ok python module scipy
ok python module matplotlib
ok python module weasyprint
ok python module openpyxl

### 2026-09-08T00:13:09-05:00 1. DepMap follow-up: fig5 + tables from the public data (depmap/05_seguimiento.py)
MISSING input: depmap/raw/ (DepMap 24Q4 figshare 27993248 + PRISM 24Q2 figshare 25917643, ~700 MB, not in the repository)
-> fig5 and the tables are NOT regenerated; the committed copies are used

### 2026-09-08T00:13:09-05:00 2. worksheet rendered from report/candidates.tsv
<checkout>/report/PART1_decision_document.md: worksheet matches candidates.tsv
<checkout>/report/REPORT_track2_EN.md: worksheet matches candidates.tsv

### 2026-09-08T00:13:09-05:00 3. every reported number checked against the results files
hechos recalculados desde los archivos de resultados: 27
  aviso: falta /home/gar16/datos/HACKATHON-MVA-2026/submission/ciberpty_track1_report.md, se omite
  aviso: falta /home/gar16/datos/HACKATHON-MVA-2026/report/REPORT_track2_EN.md, se omite
  aviso: falta /home/gar16/datos/HACKATHON-MVA-2026/submission/ciberpty_track2_methods.md, se omite

todo cuadra

### 2026-09-08T00:13:09-05:00 4. PDFs
submission/ciberpty_track1_report.pdf  23 pages
report/REPORT_track2.pdf  81 pages
ok — both PDFs regenerated and free of the retracted wording

### 2026-09-08T00:13:16-05:00 done in 8 s, exit status 0
	Command being timed: "bash analysis/make_track2.sh"
	User time (seconds): 9.93
	System time (seconds): 0.49
	Percent of CPU this job got: 143%
	Elapsed (wall clock) time (h:mm:ss or m:ss): 0:07.27
	Average shared text size (kbytes): 0
	Average unshared data size (kbytes): 0
	Average stack size (kbytes): 0
	Average total size (kbytes): 0
	Maximum resident set size (kbytes): 178772
	Average resident set size (kbytes): 0
	Major (requiring I/O) page faults: 0
	Minor (reclaiming a frame) page faults: 186443
	Voluntary context switches: 2318
	Involuntary context switches: 504
	Swaps: 0
	File system inputs: 0
	File system outputs: 0
	Socket messages sent: 0
	Socket messages received: 0
	Signals delivered: 0
	Page size (bytes): 4096
	Exit status: 0
